Last login: Fri Jul 29 09:54:11 on console
Roberts-MBP:~ rjkelly$ cd
Roberts-MBP:~ rjkelly$ ls
Applications	Downloads	Music		first_day_stuff
Desktop		Library		Pictures	foo
Documents	Movies		Public
Roberts-MBP:~ rjkelly$ cd desktop
Roberts-MBP:desktop rjkelly$ ls
Bootcamp
Roberts-MBP:desktop rjkelly$ cd Bootcamp
Roberts-MBP:Bootcamp rjkelly$ ls
Homework1	WIP		Week 2		Week 4
Prework		Week 1		Week 3
Roberts-MBP:Bootcamp rjkelly$ cd Homework1
Roberts-MBP:Homework1 rjkelly$ git clone git@github.com:rjkinhighlands/Basic-Portfolio.git
Cloning into 'Basic-Portfolio'...
warning: You appear to have cloned an empty repository.
Checking connectivity... done.
Roberts-MBP:Homework1 rjkelly$ echo "# Basic-Portfolio" >> README.md
Roberts-MBP:Homework1 rjkelly$ git init
Initialized empty Git repository in /Users/rjkelly/Desktop/Bootcamp/Homework1/.git/
Roberts-MBP:Homework1 rjkelly$ git add README.md
Roberts-MBP:Homework1 rjkelly$ git commit -m "first commit"
[master (root-commit) a618105] first commit
 Committer: Robert J. Kelly <rjkelly@Roberts-MBP.home>
Your name and email address were configured automatically based
on your username and hostname. Please check that they are accurate.
You can suppress this message by setting them explicitly. Run the
following command and follow the instructions in your editor to edit
your configuration file:

    git config --global --edit

After doing this, you may fix the identity used for this commit with:

    git commit --amend --reset-author

 1 file changed, 1 insertion(+)
 create mode 100644 README.md
Roberts-MBP:Homework1 rjkelly$ git remote add origin git@github.com:rjkinhighlands/Basic-Portfolio.git
Roberts-MBP:Homework1 rjkelly$ git push -u origin master
Counting objects: 3, done.
Writing objects: 100% (3/3), 240 bytes | 0 bytes/s, done.
Total 3 (delta 0), reused 0 (delta 0)
To git@github.com:rjkinhighlands/Basic-Portfolio.git
 * [new branch]      master -> master
Branch master set up to track remote branch master from origin.
Roberts-MBP:Homework1 rjkelly$ git add .
Roberts-MBP:Homework1 rjkelly$ git commit -m "initial site files"
[master aa272bb] initial site files
 Committer: Robert J. Kelly <rjkelly@Roberts-MBP.home>
Your name and email address were configured automatically based
on your username and hostname. Please check that they are accurate.
You can suppress this message by setting them explicitly. Run the
following command and follow the instructions in your editor to edit
your configuration file:

    git config --global --edit

After doing this, you may fix the identity used for this commit with:

    git commit --amend --reset-author

 8 files changed, 48 insertions(+)
 create mode 100644 .DS_Store
 create mode 100644 Basic-Portfolio/.DS_Store
 create mode 100644 Basic-Portfolio/assets/.DS_Store
 create mode 100644 Basic-Portfolio/assets/css/.DS_Store
 create mode 100644 Basic-Portfolio/assets/css/reset.css
 create mode 100644 Basic-Portfolio/contact.html
 create mode 100644 Basic-Portfolio/index.html
 create mode 100644 Basic-Portfolio/portfolio.html
Roberts-MBP:Homework1 rjkelly$ git push origin master
Counting objects: 11, done.
Delta compression using up to 8 threads.
Compressing objects: 100% (10/10), done.
Writing objects: 100% (11/11), 3.43 KiB | 0 bytes/s, done.
Total 11 (delta 3), reused 0 (delta 0)
To git@github.com:rjkinhighlands/Basic-Portfolio.git
   a618105..aa272bb  master -> master
Roberts-MBP:Homework1 rjkelly$ 
